I'm sorry, but errors were detected in your script. Please correct the
errors listed below, and try again.


File "game/script.rpy", line 898: expected statement.
    move_transitions("move", 10.0)
                                  ^

Ren'Py Version: Ren'Py 8.0.3.22090809
Wed Jan 18 18:29:16 2023
